---
source: crates/cli/tests/helpers/schema.rs
---
{
  "about": "The one binary behind every toolu plugin's hooks, skills and commands",
  "commands": [
    {
      "about": "Run a hook entry; hooks.json calls it (internal)",
      "aliases": [],
      "args": [
        {
          "help": "The hook entry, as in the plugin's hooks/dist/<NAME>.js",
          "multiple": false,
          "name": "NAME",
          "required": true
        }
      ],
      "commands": [],
      "flags": [
        {
          "global": false,
          "help": "The host event it is registered under; absent counts as enforcing",
          "hidden": false,
          "long": "event",
          "possibleValues": [],
          "required": false,
          "short": null,
          "takesValue": true,
          "valueName": "EVENT"
        },
        {
          "global": false,
          "help": "The calling plugin's root, for the version-skew check",
          "hidden": false,
          "long": "plugin-root",
          "possibleValues": [],
          "required": false,
          "short": null,
          "takesValue": true,
          "valueName": "DIR"
        }
      ],
      "hidden": false,
      "longAbout": null,
      "name": "hook",
      "owner": "toolu",
      "path": [
        "hook"
      ],
      "placeholder": false
    },
    {
      "about": "The plan ledger, verdicts and push waivers",
      "aliases": [],
      "args": [],
      "commands": [
        {
          "about": "Run the plan's step checks and stamp the branch ledger",
          "aliases": [],
          "args": [
            {
              "help": "The plan doc",
              "multiple": false,
              "name": "DOC",
              "required": true
            }
          ],
          "commands": [],
          "flags": [
            {
              "global": false,
              "help": "Run only this step",
              "hidden": false,
              "long": "step",
              "possibleValues": [],
              "required": false,
              "short": null,
              "takesValue": true,
              "valueName": "ID"
            },
            {
              "global": false,
              "help": "What the running step is doing; needs --step",
              "hidden": false,
              "long": "activity",
              "possibleValues": [],
              "required": false,
              "short": null,
              "takesValue": true,
              "valueName": "LABEL"
            },
            {
              "global": false,
              "help": "Re-run steps that are already fresh-green",
              "hidden": false,
              "long": "force",
              "possibleValues": [],
              "required": false,
              "short": null,
              "takesValue": false,
              "valueName": null
            },
            {
              "global": false,
              "help": "Judge every step on the whole branch diff, and stamp the verified hash",
              "hidden": false,
              "long": "verify",
              "possibleValues": [],
              "required": false,
              "short": null,
              "takesValue": false,
              "valueName": null
            }
          ],
          "hidden": false,
          "longAbout": null,
          "name": "run",
          "owner": "toolu",
          "path": [
            "ledger",
            "run"
          ],
          "placeholder": false
        },
        {
          "about": "Heal, recompute and print the branch ledger without running checks",
          "aliases": [],
          "args": [],
          "commands": [],
          "flags": [],
          "hidden": false,
          "longAbout": null,
          "name": "status",
          "owner": "toolu",
          "path": [
            "ledger",
            "status"
          ],
          "placeholder": false
        },
        {
          "about": "Refuse unless the plan and its declared spec are Approved",
          "aliases": [],
          "args": [
            {
              "help": "The plan doc; the ledger's plan_doc by default",
              "multiple": false,
              "name": "DOC",
              "required": false
            }
          ],
          "commands": [],
          "flags": [],
          "hidden": false,
          "longAbout": null,
          "name": "preflight",
          "owner": "toolu",
          "path": [
            "ledger",
            "preflight"
          ],
          "placeholder": false
        },
        {
          "about": "Print the branch ledger's path",
          "aliases": [],
          "args": [],
          "commands": [],
          "flags": [],
          "hidden": false,
          "longAbout": null,
          "name": "path",
          "owner": "toolu",
          "path": [
            "ledger",
            "path"
          ],
          "placeholder": false
        },
        {
          "about": "Print the project root",
          "aliases": [],
          "args": [],
          "commands": [],
          "flags": [],
          "hidden": false,
          "longAbout": null,
          "name": "root",
          "owner": "toolu",
          "path": [
            "ledger",
            "root"
          ],
          "placeholder": false
        },
        {
          "about": "Parse a built-in two-step plan and check the result",
          "aliases": [],
          "args": [],
          "commands": [],
          "flags": [],
          "hidden": false,
          "longAbout": null,
          "name": "self-test",
          "owner": "toolu",
          "path": [
            "ledger",
            "self-test"
          ],
          "placeholder": false
        },
        {
          "about": "Judge the four push gates: quality, plan, review and docs",
          "aliases": [],
          "args": [
            {
              "help": "status prints a table, json the report",
              "multiple": false,
              "name": "MODE",
              "required": true
            }
          ],
          "commands": [],
          "flags": [],
          "hidden": false,
          "longAbout": null,
          "name": "verdict",
          "owner": "toolu",
          "path": [
            "ledger",
            "verdict"
          ],
          "placeholder": false
        }
      ],
      "flags": [],
      "hidden": false,
      "longAbout": null,
      "name": "ledger",
      "owner": "toolu",
      "path": [
        "ledger"
      ],
      "placeholder": false
    },
    {
      "about": "Debugging helpers: I/O capture, logs, stacks and failing tests",
      "aliases": [],
      "args": [],
      "commands": [
        {
          "about": "Not ported yet (#425): show the planned verbs",
          "aliases": [],
          "args": [],
          "commands": [],
          "flags": [],
          "hidden": false,
          "longAbout": null,
          "name": "planned",
          "owner": "toolu",
          "path": [
            "debug",
            "planned"
          ],
          "placeholder": true
        }
      ],
      "flags": [],
      "hidden": false,
      "longAbout": null,
      "name": "debug",
      "owner": "toolu",
      "path": [
        "debug"
      ],
      "placeholder": false
    },
    {
      "about": "Preview, install or remove toolu's agent profiles",
      "aliases": [],
      "args": [],
      "commands": [
        {
          "about": "Preview, install or remove Codex agent profiles",
          "aliases": [],
          "args": [
            {
              "help": "preview, install [--force], or remove --yes [--force]",
              "multiple": true,
              "name": "ARGS",
              "required": false
            }
          ],
          "commands": [],
          "flags": [],
          "hidden": false,
          "longAbout": null,
          "name": "agents",
          "owner": "toolu",
          "path": [
            "setup",
            "agents"
          ],
          "placeholder": false
        }
      ],
      "flags": [],
      "hidden": false,
      "longAbout": null,
      "name": "setup",
      "owner": "toolu",
      "path": [
        "setup"
      ],
      "placeholder": false
    },
    {
      "about": "Report binary, config, plugin and tool health",
      "aliases": [],
      "args": [],
      "commands": [],
      "flags": [],
      "hidden": false,
      "longAbout": null,
      "name": "doctor",
      "owner": "toolu",
      "path": [
        "doctor"
      ],
      "placeholder": false
    },
    {
      "about": "Read, change and validate toolu.config.json",
      "aliases": [],
      "args": [],
      "commands": [
        {
          "about": "Print one key or the redacted merged config",
          "aliases": [],
          "args": [
            {
              "help": "Dotted key",
              "multiple": false,
              "name": "KEY",
              "required": false
            }
          ],
          "commands": [],
          "flags": [],
          "hidden": false,
          "longAbout": null,
          "name": "get",
          "owner": "toolu",
          "path": [
            "config",
            "get"
          ],
          "placeholder": false
        },
        {
          "about": "Set one key in the user config, or the project config with --project",
          "aliases": [],
          "args": [
            {
              "help": "Dotted key",
              "multiple": false,
              "name": "KEY",
              "required": true
            },
            {
              "help": "JSON value, or a string when it is not JSON",
              "multiple": false,
              "name": "VALUE",
              "required": true
            }
          ],
          "commands": [],
          "flags": [
            {
              "global": false,
              "help": "Write the project file",
              "hidden": false,
              "long": "project",
              "possibleValues": [],
              "required": false,
              "short": null,
              "takesValue": false,
              "valueName": null
            }
          ],
          "hidden": false,
          "longAbout": null,
          "name": "set",
          "owner": "toolu",
          "path": [
            "config",
            "set"
          ],
          "placeholder": false
        },
        {
          "about": "Validate the merged config and epic settings",
          "aliases": [],
          "args": [],
          "commands": [],
          "flags": [],
          "hidden": false,
          "longAbout": null,
          "name": "validate",
          "owner": "toolu",
          "path": [
            "config",
            "validate"
          ],
          "placeholder": false
        }
      ],
      "flags": [],
      "hidden": false,
      "longAbout": null,
      "name": "config",
      "owner": "toolu",
      "path": [
        "config"
      ],
      "placeholder": false
    },
    {
      "about": "Show the repository, gate and push-review status",
      "aliases": [],
      "args": [],
      "commands": [],
      "flags": [],
      "hidden": false,
      "longAbout": null,
      "name": "status",
      "owner": "toolu",
      "path": [
        "status"
      ],
      "placeholder": false
    },
    {
      "about": "Serve the OpenCode shim over standard I/O",
      "aliases": [],
      "args": [],
      "commands": [
        {
          "about": "Not ported yet (#437): show the planned verbs",
          "aliases": [],
          "args": [],
          "commands": [],
          "flags": [],
          "hidden": false,
          "longAbout": null,
          "name": "planned",
          "owner": "toolu",
          "path": [
            "serve",
            "planned"
          ],
          "placeholder": true
        }
      ],
      "flags": [],
      "hidden": false,
      "longAbout": null,
      "name": "serve",
      "owner": "toolu",
      "path": [
        "serve"
      ],
      "placeholder": false
    },
    {
      "about": "TypeScript quality rules that run after each edit",
      "aliases": [],
      "args": [],
      "commands": [
        {
          "about": "Not ported yet (#426): show the planned verbs",
          "aliases": [],
          "args": [],
          "commands": [],
          "flags": [],
          "hidden": false,
          "longAbout": null,
          "name": "planned",
          "owner": "ts-quality",
          "path": [
            "ts-quality",
            "planned"
          ],
          "placeholder": true
        },
        {
          "about": "Run a hook entry; hooks.json calls it (internal)",
          "aliases": [],
          "args": [
            {
              "help": "The hook entry, as in the plugin's hooks/dist/<NAME>.js",
              "multiple": false,
              "name": "NAME",
              "required": true
            }
          ],
          "commands": [],
          "flags": [
            {
              "global": false,
              "help": "The host event it is registered under; absent counts as enforcing",
              "hidden": false,
              "long": "event",
              "possibleValues": [],
              "required": false,
              "short": null,
              "takesValue": true,
              "valueName": "EVENT"
            },
            {
              "global": false,
              "help": "The calling plugin's root, for the version-skew check",
              "hidden": false,
              "long": "plugin-root",
              "possibleValues": [],
              "required": false,
              "short": null,
              "takesValue": true,
              "valueName": "DIR"
            }
          ],
          "hidden": true,
          "longAbout": null,
          "name": "hook",
          "owner": "ts-quality",
          "path": [
            "ts-quality",
            "hook"
          ],
          "placeholder": false
        }
      ],
      "flags": [],
      "hidden": false,
      "longAbout": null,
      "name": "ts-quality",
      "owner": "ts-quality",
      "path": [
        "ts-quality"
      ],
      "placeholder": false
    },
    {
      "about": "Python quality rules that run after each edit",
      "aliases": [],
      "args": [],
      "commands": [
        {
          "about": "Not ported yet (#427): show the planned verbs",
          "aliases": [],
          "args": [],
          "commands": [],
          "flags": [],
          "hidden": false,
          "longAbout": null,
          "name": "planned",
          "owner": "python-quality",
          "path": [
            "python-quality",
            "planned"
          ],
          "placeholder": true
        },
        {
          "about": "Run a hook entry; hooks.json calls it (internal)",
          "aliases": [],
          "args": [
            {
              "help": "The hook entry, as in the plugin's hooks/dist/<NAME>.js",
              "multiple": false,
              "name": "NAME",
              "required": true
            }
          ],
          "commands": [],
          "flags": [
            {
              "global": false,
              "help": "The host event it is registered under; absent counts as enforcing",
              "hidden": false,
              "long": "event",
              "possibleValues": [],
              "required": false,
              "short": null,
              "takesValue": true,
              "valueName": "EVENT"
            },
            {
              "global": false,
              "help": "The calling plugin's root, for the version-skew check",
              "hidden": false,
              "long": "plugin-root",
              "possibleValues": [],
              "required": false,
              "short": null,
              "takesValue": true,
              "valueName": "DIR"
            }
          ],
          "hidden": true,
          "longAbout": null,
          "name": "hook",
          "owner": "python-quality",
          "path": [
            "python-quality",
            "hook"
          ],
          "placeholder": false
        }
      ],
      "flags": [],
      "hidden": false,
      "longAbout": null,
      "name": "python-quality",
      "owner": "python-quality",
      "path": [
        "python-quality"
      ],
      "placeholder": false
    },
    {
      "about": "Rust quality rules that run after each edit",
      "aliases": [],
      "args": [],
      "commands": [
        {
          "about": "Not ported yet (#428): show the planned verbs",
          "aliases": [],
          "args": [],
          "commands": [],
          "flags": [],
          "hidden": false,
          "longAbout": null,
          "name": "planned",
          "owner": "rust-quality",
          "path": [
            "rust-quality",
            "planned"
          ],
          "placeholder": true
        },
        {
          "about": "Run a hook entry; hooks.json calls it (internal)",
          "aliases": [],
          "args": [
            {
              "help": "The hook entry, as in the plugin's hooks/dist/<NAME>.js",
              "multiple": false,
              "name": "NAME",
              "required": true
            }
          ],
          "commands": [],
          "flags": [
            {
              "global": false,
              "help": "The host event it is registered under; absent counts as enforcing",
              "hidden": false,
              "long": "event",
              "possibleValues": [],
              "required": false,
              "short": null,
              "takesValue": true,
              "valueName": "EVENT"
            },
            {
              "global": false,
              "help": "The calling plugin's root, for the version-skew check",
              "hidden": false,
              "long": "plugin-root",
              "possibleValues": [],
              "required": false,
              "short": null,
              "takesValue": true,
              "valueName": "DIR"
            }
          ],
          "hidden": true,
          "longAbout": null,
          "name": "hook",
          "owner": "rust-quality",
          "path": [
            "rust-quality",
            "hook"
          ],
          "placeholder": false
        }
      ],
      "flags": [],
      "hidden": false,
      "longAbout": null,
      "name": "rust-quality",
      "owner": "rust-quality",
      "path": [
        "rust-quality"
      ],
      "placeholder": false
    },
    {
      "about": "Structural code search and rewrite with ast-grep",
      "aliases": [],
      "args": [],
      "commands": [
        {
          "about": "Not ported yet (#429): show the planned verbs",
          "aliases": [],
          "args": [],
          "commands": [],
          "flags": [],
          "hidden": false,
          "longAbout": null,
          "name": "planned",
          "owner": "ast-grep",
          "path": [
            "ast-grep",
            "planned"
          ],
          "placeholder": true
        },
        {
          "about": "Run a hook entry; hooks.json calls it (internal)",
          "aliases": [],
          "args": [
            {
              "help": "The hook entry, as in the plugin's hooks/dist/<NAME>.js",
              "multiple": false,
              "name": "NAME",
              "required": true
            }
          ],
          "commands": [],
          "flags": [
            {
              "global": false,
              "help": "The host event it is registered under; absent counts as enforcing",
              "hidden": false,
              "long": "event",
              "possibleValues": [],
              "required": false,
              "short": null,
              "takesValue": true,
              "valueName": "EVENT"
            },
            {
              "global": false,
              "help": "The calling plugin's root, for the version-skew check",
              "hidden": false,
              "long": "plugin-root",
              "possibleValues": [],
              "required": false,
              "short": null,
              "takesValue": true,
              "valueName": "DIR"
            }
          ],
          "hidden": true,
          "longAbout": null,
          "name": "hook",
          "owner": "ast-grep",
          "path": [
            "ast-grep",
            "hook"
          ],
          "placeholder": false
        }
      ],
      "flags": [],
      "hidden": false,
      "longAbout": null,
      "name": "ast-grep",
      "owner": "ast-grep",
      "path": [
        "ast-grep"
      ],
      "placeholder": false
    },
    {
      "about": "Think a change through before building (a Markdown-only plugin)",
      "aliases": [],
      "args": [],
      "commands": [
        {
          "about": "Run a hook entry; hooks.json calls it (internal)",
          "aliases": [],
          "args": [
            {
              "help": "The hook entry, as in the plugin's hooks/dist/<NAME>.js",
              "multiple": false,
              "name": "NAME",
              "required": true
            }
          ],
          "commands": [],
          "flags": [
            {
              "global": false,
              "help": "The host event it is registered under; absent counts as enforcing",
              "hidden": false,
              "long": "event",
              "possibleValues": [],
              "required": false,
              "short": null,
              "takesValue": true,
              "valueName": "EVENT"
            },
            {
              "global": false,
              "help": "The calling plugin's root, for the version-skew check",
              "hidden": false,
              "long": "plugin-root",
              "possibleValues": [],
              "required": false,
              "short": null,
              "takesValue": true,
              "valueName": "DIR"
            }
          ],
          "hidden": true,
          "longAbout": null,
          "name": "hook",
          "owner": "brainstorm",
          "path": [
            "brainstorm",
            "hook"
          ],
          "placeholder": false
        }
      ],
      "flags": [],
      "hidden": false,
      "longAbout": "brainstorm is a Markdown-only plugin: it has no verbs. Its skill thinks a change through before building: evidence-backed triage, alternatives, trade-offs and a recommended approach, without editing code.\n\nRun it as /brainstorm:brainstorm in Claude Code or $brainstorm:brainstorm in Codex. delivery-flow runs it as its first phase.",
      "name": "brainstorm",
      "owner": "brainstorm",
      "path": [
        "brainstorm"
      ],
      "placeholder": false
    },
    {
      "about": "Deliver a task end to end, from brainstorm to a babysat PR (a Markdown-only plugin)",
      "aliases": [],
      "args": [],
      "commands": [
        {
          "about": "Run a hook entry; hooks.json calls it (internal)",
          "aliases": [],
          "args": [
            {
              "help": "The hook entry, as in the plugin's hooks/dist/<NAME>.js",
              "multiple": false,
              "name": "NAME",
              "required": true
            }
          ],
          "commands": [],
          "flags": [
            {
              "global": false,
              "help": "The host event it is registered under; absent counts as enforcing",
              "hidden": false,
              "long": "event",
              "possibleValues": [],
              "required": false,
              "short": null,
              "takesValue": true,
              "valueName": "EVENT"
            },
            {
              "global": false,
              "help": "The calling plugin's root, for the version-skew check",
              "hidden": false,
              "long": "plugin-root",
              "possibleValues": [],
              "required": false,
              "short": null,
              "takesValue": true,
              "valueName": "DIR"
            }
          ],
          "hidden": true,
          "longAbout": null,
          "name": "hook",
          "owner": "delivery-flow",
          "path": [
            "delivery-flow",
            "hook"
          ],
          "placeholder": false
        }
      ],
      "flags": [],
      "hidden": false,
      "longAbout": "delivery-flow is a Markdown-only plugin: it has no verbs. Its one skill delivers a task end to end: brainstorm, an approved spec and plan, real-data execution, the pull request and the pr-babysit handoff.\n\nRun it as /delivery-flow:delivery-flow in Claude Code or $delivery-flow:delivery-flow in Codex.",
      "name": "delivery-flow",
      "owner": "delivery-flow",
      "path": [
        "delivery-flow"
      ],
      "placeholder": false
    },
    {
      "about": "Pre-push code review state for the native push-review gate",
      "aliases": [
        "toolu-review"
      ],
      "args": [],
      "commands": [
        {
          "about": "Record a review of the committed branch diff",
          "aliases": [],
          "args": [],
          "commands": [],
          "flags": [
            {
              "global": false,
              "help": "Number of open findings (zero for a clean review)",
              "hidden": false,
              "long": "findings-count",
              "possibleValues": [],
              "required": true,
              "short": null,
              "takesValue": true,
              "valueName": "VALUE"
            },
            {
              "global": false,
              "help": "JSON list of reviewers; defaults to toolu-review:review",
              "hidden": false,
              "long": "reviewers",
              "possibleValues": [],
              "required": false,
              "short": null,
              "takesValue": true,
              "valueName": "VALUE"
            },
            {
              "global": false,
              "help": "JSON list of findings; defaults to []",
              "hidden": false,
              "long": "findings",
              "possibleValues": [],
              "required": false,
              "short": null,
              "takesValue": true,
              "valueName": "VALUE"
            },
            {
              "global": false,
              "help": "Repository or worktree to review; defaults to the current directory",
              "hidden": false,
              "long": "repo",
              "possibleValues": [],
              "required": false,
              "short": null,
              "takesValue": true,
              "valueName": "VALUE"
            },
            {
              "global": false,
              "help": "Target branch for a detached worktree",
              "hidden": false,
              "long": "branch",
              "possibleValues": [],
              "required": false,
              "short": null,
              "takesValue": true,
              "valueName": "VALUE"
            },
            {
              "global": false,
              "help": "Comma-separated reviewed paths instead of the Git diff",
              "hidden": false,
              "long": "reviewed-files",
              "possibleValues": [],
              "required": false,
              "short": null,
              "takesValue": true,
              "valueName": "VALUE"
            }
          ],
          "hidden": false,
          "longAbout": null,
          "name": "write-state",
          "owner": "toolu-review",
          "path": [
            "review",
            "write-state"
          ],
          "placeholder": false
        },
        {
          "about": "Run a hook entry; hooks.json calls it (internal)",
          "aliases": [],
          "args": [
            {
              "help": "The hook entry, as in the plugin's hooks/dist/<NAME>.js",
              "multiple": false,
              "name": "NAME",
              "required": true
            }
          ],
          "commands": [],
          "flags": [
            {
              "global": false,
              "help": "The host event it is registered under; absent counts as enforcing",
              "hidden": false,
              "long": "event",
              "possibleValues": [],
              "required": false,
              "short": null,
              "takesValue": true,
              "valueName": "EVENT"
            },
            {
              "global": false,
              "help": "The calling plugin's root, for the version-skew check",
              "hidden": false,
              "long": "plugin-root",
              "possibleValues": [],
              "required": false,
              "short": null,
              "takesValue": true,
              "valueName": "DIR"
            }
          ],
          "hidden": true,
          "longAbout": null,
          "name": "hook",
          "owner": "toolu-review",
          "path": [
            "review",
            "hook"
          ],
          "placeholder": false
        }
      ],
      "flags": [],
      "hidden": false,
      "longAbout": null,
      "name": "review",
      "owner": "toolu-review",
      "path": [
        "review"
      ],
      "placeholder": false
    },
    {
      "about": "Typed judgments from Jev: yes/no probabilities, choices and scores",
      "aliases": [],
      "args": [],
      "commands": [
        {
          "about": "Yes/no judgment: the probability of yes",
          "aliases": [],
          "args": [
            {
              "help": "What to judge",
              "multiple": false,
              "name": "INSTRUCTIONS",
              "required": true
            }
          ],
          "commands": [],
          "flags": [
            {
              "global": false,
              "help": "State to judge: text, @FILE, or - for stdin",
              "hidden": false,
              "long": "state",
              "possibleValues": [],
              "required": true,
              "short": "s",
              "takesValue": true,
              "valueName": "STATE"
            },
            {
              "global": false,
              "help": "The Jev model",
              "hidden": false,
              "long": "model",
              "possibleValues": [],
              "required": false,
              "short": "m",
              "takesValue": true,
              "valueName": "MODEL"
            },
            {
              "global": false,
              "help": "Print the whole response body instead of its answers",
              "hidden": false,
              "long": "raw",
              "possibleValues": [],
              "required": false,
              "short": null,
              "takesValue": false,
              "valueName": null
            },
            {
              "global": false,
              "help": "What a yes means",
              "hidden": false,
              "long": "true",
              "possibleValues": [],
              "required": false,
              "short": null,
              "takesValue": true,
              "valueName": "DESC"
            },
            {
              "global": false,
              "help": "What a no means",
              "hidden": false,
              "long": "false",
              "possibleValues": [],
              "required": false,
              "short": null,
              "takesValue": true,
              "valueName": "DESC"
            },
            {
              "global": false,
              "help": "The question id in the answer map",
              "hidden": false,
              "long": "id",
              "possibleValues": [],
              "required": false,
              "short": null,
              "takesValue": true,
              "valueName": "ID"
            }
          ],
          "hidden": false,
          "longAbout": null,
          "name": "noul",
          "owner": "jev",
          "path": [
            "jev",
            "noul"
          ],
          "placeholder": false
        },
        {
          "about": "Pick one option: a choice, probabilities, confidence",
          "aliases": [],
          "args": [
            {
              "help": "What to judge",
              "multiple": false,
              "name": "INSTRUCTIONS",
              "required": true
            }
          ],
          "commands": [],
          "flags": [
            {
              "global": false,
              "help": "State to judge: text, @FILE, or - for stdin",
              "hidden": false,
              "long": "state",
              "possibleValues": [],
              "required": true,
              "short": "s",
              "takesValue": true,
              "valueName": "STATE"
            },
            {
              "global": false,
              "help": "The Jev model",
              "hidden": false,
              "long": "model",
              "possibleValues": [],
              "required": false,
              "short": "m",
              "takesValue": true,
              "valueName": "MODEL"
            },
            {
              "global": false,
              "help": "Print the whole response body instead of its answers",
              "hidden": false,
              "long": "raw",
              "possibleValues": [],
              "required": false,
              "short": null,
              "takesValue": false,
              "valueName": null
            },
            {
              "global": false,
              "help": "An option and what it means; repeat 2 to 255 times",
              "hidden": false,
              "long": "option",
              "possibleValues": [],
              "required": false,
              "short": "o",
              "takesValue": true,
              "valueName": "KEY[=DESC]"
            },
            {
              "global": false,
              "help": "The question id in the answer map",
              "hidden": false,
              "long": "id",
              "possibleValues": [],
              "required": false,
              "short": null,
              "takesValue": true,
              "valueName": "ID"
            }
          ],
          "hidden": false,
          "longAbout": null,
          "name": "choice",
          "owner": "jev",
          "path": [
            "jev",
            "choice"
          ],
          "placeholder": false
        },
        {
          "about": "Rate on ordered levels: a score, legend, confidence",
          "aliases": [],
          "args": [
            {
              "help": "What to judge",
              "multiple": false,
              "name": "INSTRUCTIONS",
              "required": true
            }
          ],
          "commands": [],
          "flags": [
            {
              "global": false,
              "help": "State to judge: text, @FILE, or - for stdin",
              "hidden": false,
              "long": "state",
              "possibleValues": [],
              "required": true,
              "short": "s",
              "takesValue": true,
              "valueName": "STATE"
            },
            {
              "global": false,
              "help": "The Jev model",
              "hidden": false,
              "long": "model",
              "possibleValues": [],
              "required": false,
              "short": "m",
              "takesValue": true,
              "valueName": "MODEL"
            },
            {
              "global": false,
              "help": "Print the whole response body instead of its answers",
              "hidden": false,
              "long": "raw",
              "possibleValues": [],
              "required": false,
              "short": null,
              "takesValue": false,
              "valueName": null
            },
            {
              "global": false,
              "help": "A level, lowest first; repeat 2 to 10 times",
              "hidden": false,
              "long": "level",
              "possibleValues": [],
              "required": false,
              "short": "l",
              "takesValue": true,
              "valueName": "DESC"
            },
            {
              "global": false,
              "help": "The question id in the answer map",
              "hidden": false,
              "long": "id",
              "possibleValues": [],
              "required": false,
              "short": null,
              "takesValue": true,
              "valueName": "ID"
            }
          ],
          "hidden": false,
          "longAbout": null,
          "name": "score",
          "owner": "jev",
          "path": [
            "jev",
            "score"
          ],
          "placeholder": false
        },
        {
          "about": "Many typed questions in one call",
          "aliases": [],
          "args": [
            {
              "help": "A JSON file of questions by id, or - for stdin",
              "multiple": false,
              "name": "QUESTIONS.JSON",
              "required": true
            }
          ],
          "commands": [],
          "flags": [
            {
              "global": false,
              "help": "State to judge: text, @FILE, or - for stdin",
              "hidden": false,
              "long": "state",
              "possibleValues": [],
              "required": true,
              "short": "s",
              "takesValue": true,
              "valueName": "STATE"
            },
            {
              "global": false,
              "help": "The Jev model",
              "hidden": false,
              "long": "model",
              "possibleValues": [],
              "required": false,
              "short": "m",
              "takesValue": true,
              "valueName": "MODEL"
            },
            {
              "global": false,
              "help": "Print the whole response body instead of its answers",
              "hidden": false,
              "long": "raw",
              "possibleValues": [],
              "required": false,
              "short": null,
              "takesValue": false,
              "valueName": null
            }
          ],
          "hidden": false,
          "longAbout": null,
          "name": "ask",
          "owner": "jev",
          "path": [
            "jev",
            "ask"
          ],
          "placeholder": false
        },
        {
          "about": "Run a hook entry; hooks.json calls it (internal)",
          "aliases": [],
          "args": [
            {
              "help": "The hook entry, as in the plugin's hooks/dist/<NAME>.js",
              "multiple": false,
              "name": "NAME",
              "required": true
            }
          ],
          "commands": [],
          "flags": [
            {
              "global": false,
              "help": "The host event it is registered under; absent counts as enforcing",
              "hidden": false,
              "long": "event",
              "possibleValues": [],
              "required": false,
              "short": null,
              "takesValue": true,
              "valueName": "EVENT"
            },
            {
              "global": false,
              "help": "The calling plugin's root, for the version-skew check",
              "hidden": false,
              "long": "plugin-root",
              "possibleValues": [],
              "required": false,
              "short": null,
              "takesValue": true,
              "valueName": "DIR"
            }
          ],
          "hidden": true,
          "longAbout": null,
          "name": "hook",
          "owner": "jev",
          "path": [
            "jev",
            "hook"
          ],
          "placeholder": false
        }
      ],
      "flags": [],
      "hidden": false,
      "longAbout": null,
      "name": "jev",
      "owner": "jev",
      "path": [
        "jev"
      ],
      "placeholder": false
    },
    {
      "about": "Project status for the host's status line",
      "aliases": [],
      "args": [],
      "commands": [
        {
          "about": "Not ported yet (#431): show the planned verbs",
          "aliases": [],
          "args": [],
          "commands": [],
          "flags": [],
          "hidden": false,
          "longAbout": null,
          "name": "planned",
          "owner": "statusline",
          "path": [
            "statusline",
            "planned"
          ],
          "placeholder": true
        },
        {
          "about": "Run a hook entry; hooks.json calls it (internal)",
          "aliases": [],
          "args": [
            {
              "help": "The hook entry, as in the plugin's hooks/dist/<NAME>.js",
              "multiple": false,
              "name": "NAME",
              "required": true
            }
          ],
          "commands": [],
          "flags": [
            {
              "global": false,
              "help": "The host event it is registered under; absent counts as enforcing",
              "hidden": false,
              "long": "event",
              "possibleValues": [],
              "required": false,
              "short": null,
              "takesValue": true,
              "valueName": "EVENT"
            },
            {
              "global": false,
              "help": "The calling plugin's root, for the version-skew check",
              "hidden": false,
              "long": "plugin-root",
              "possibleValues": [],
              "required": false,
              "short": null,
              "takesValue": true,
              "valueName": "DIR"
            }
          ],
          "hidden": true,
          "longAbout": null,
          "name": "hook",
          "owner": "statusline",
          "path": [
            "statusline",
            "hook"
          ],
          "placeholder": false
        }
      ],
      "flags": [],
      "hidden": false,
      "longAbout": null,
      "name": "statusline",
      "owner": "statusline",
      "path": [
        "statusline"
      ],
      "placeholder": false
    },
    {
      "about": "Babysit a PR until CI, review threads and the review-bot verdict are clear",
      "aliases": [
        "pr-babysit"
      ],
      "args": [],
      "commands": [
        {
          "about": "Not ported yet (#433): show the planned verbs",
          "aliases": [],
          "args": [],
          "commands": [],
          "flags": [],
          "hidden": false,
          "longAbout": null,
          "name": "planned",
          "owner": "pr-babysit",
          "path": [
            "babysit",
            "planned"
          ],
          "placeholder": true
        },
        {
          "about": "Run a hook entry; hooks.json calls it (internal)",
          "aliases": [],
          "args": [
            {
              "help": "The hook entry, as in the plugin's hooks/dist/<NAME>.js",
              "multiple": false,
              "name": "NAME",
              "required": true
            }
          ],
          "commands": [],
          "flags": [
            {
              "global": false,
              "help": "The host event it is registered under; absent counts as enforcing",
              "hidden": false,
              "long": "event",
              "possibleValues": [],
              "required": false,
              "short": null,
              "takesValue": true,
              "valueName": "EVENT"
            },
            {
              "global": false,
              "help": "The calling plugin's root, for the version-skew check",
              "hidden": false,
              "long": "plugin-root",
              "possibleValues": [],
              "required": false,
              "short": null,
              "takesValue": true,
              "valueName": "DIR"
            }
          ],
          "hidden": true,
          "longAbout": null,
          "name": "hook",
          "owner": "pr-babysit",
          "path": [
            "babysit",
            "hook"
          ],
          "placeholder": false
        }
      ],
      "flags": [],
      "hidden": false,
      "longAbout": null,
      "name": "babysit",
      "owner": "pr-babysit",
      "path": [
        "babysit"
      ],
      "placeholder": false
    },
    {
      "about": "Drive an epic to merged PRs: the resident engine, merge queue and trackers",
      "aliases": [
        "epic-orchestrator"
      ],
      "args": [],
      "commands": [
        {
          "about": "Run the resident engine in the foreground",
          "aliases": [],
          "args": [],
          "commands": [],
          "flags": [
            {
              "global": false,
              "help": "Start the engine when the registry is non-empty and the lock is free",
              "hidden": false,
              "long": "ensure",
              "possibleValues": [],
              "required": false,
              "short": null,
              "takesValue": false,
              "valueName": null
            },
            {
              "global": false,
              "help": "Ask a running engine to drain, then take its place",
              "hidden": false,
              "long": "replace",
              "possibleValues": [],
              "required": false,
              "short": null,
              "takesValue": false,
              "valueName": null
            }
          ],
          "hidden": false,
          "longAbout": null,
          "name": "engine",
          "owner": "epic-orchestrator",
          "path": [
            "epic",
            "engine"
          ],
          "placeholder": false
        },
        {
          "about": "Register an epic state directory and start the engine",
          "aliases": [],
          "args": [
            {
              "help": "The epic state directory",
              "multiple": false,
              "name": "STATE_DIR",
              "required": true
            }
          ],
          "commands": [],
          "flags": [],
          "hidden": false,
          "longAbout": null,
          "name": "start",
          "owner": "epic-orchestrator",
          "path": [
            "epic",
            "start"
          ],
          "placeholder": false
        },
        {
          "about": "Print the engine, issues and attention",
          "aliases": [],
          "args": [
            {
              "help": "Epic key, or a trailing issue number",
              "multiple": false,
              "name": "EPIC",
              "required": false
            }
          ],
          "commands": [],
          "flags": [],
          "hidden": false,
          "longAbout": null,
          "name": "status",
          "owner": "epic-orchestrator",
          "path": [
            "epic",
            "status"
          ],
          "placeholder": false
        },
        {
          "about": "Pause effects for every epic, or one epic",
          "aliases": [],
          "args": [
            {
              "help": "One epic key; every epic when omitted",
              "multiple": false,
              "name": "EPIC",
              "required": false
            }
          ],
          "commands": [],
          "flags": [],
          "hidden": false,
          "longAbout": null,
          "name": "pause",
          "owner": "epic-orchestrator",
          "path": [
            "epic",
            "pause"
          ],
          "placeholder": false
        },
        {
          "about": "Resume effects for every epic, or one epic",
          "aliases": [],
          "args": [
            {
              "help": "One epic key; every epic when omitted",
              "multiple": false,
              "name": "EPIC",
              "required": false
            }
          ],
          "commands": [],
          "flags": [],
          "hidden": false,
          "longAbout": null,
          "name": "resume",
          "owner": "epic-orchestrator",
          "path": [
            "epic",
            "resume"
          ],
          "placeholder": false
        },
        {
          "about": "Clear a stall attention item",
          "aliases": [],
          "args": [
            {
              "help": "Issue key",
              "multiple": false,
              "name": "KEY",
              "required": true
            }
          ],
          "commands": [],
          "flags": [],
          "hidden": false,
          "longAbout": null,
          "name": "ack",
          "owner": "epic-orchestrator",
          "path": [
            "epic",
            "ack"
          ],
          "placeholder": false
        },
        {
          "about": "Record an answer on the journal for one issue",
          "aliases": [],
          "args": [
            {
              "help": "Issue key",
              "multiple": false,
              "name": "KEY",
              "required": true
            },
            {
              "help": "The answer",
              "multiple": false,
              "name": "TEXT",
              "required": true
            }
          ],
          "commands": [],
          "flags": [],
          "hidden": false,
          "longAbout": null,
          "name": "answer",
          "owner": "epic-orchestrator",
          "path": [
            "epic",
            "answer"
          ],
          "placeholder": false
        },
        {
          "about": "Wait for a judgment, or return when the limit passes",
          "aliases": [],
          "args": [],
          "commands": [],
          "flags": [
            {
              "global": false,
              "help": "Stop after this many seconds; 0 returns immediately",
              "hidden": false,
              "long": "max-seconds",
              "possibleValues": [],
              "required": false,
              "short": null,
              "takesValue": true,
              "valueName": "N"
            }
          ],
          "hidden": false,
          "longAbout": null,
          "name": "wait",
          "owner": "epic-orchestrator",
          "path": [
            "epic",
            "wait"
          ],
          "placeholder": false
        },
        {
          "about": "Record a worker phase",
          "aliases": [],
          "args": [
            {
              "help": "The phase to record",
              "multiple": false,
              "name": "PHASE",
              "required": true
            }
          ],
          "commands": [],
          "flags": [
            {
              "global": false,
              "help": "The issue status snapshot",
              "hidden": false,
              "long": "status-file",
              "possibleValues": [],
              "required": true,
              "short": null,
              "takesValue": true,
              "valueName": "FILE"
            },
            {
              "global": false,
              "help": "Pull request number",
              "hidden": false,
              "long": "pr",
              "possibleValues": [],
              "required": false,
              "short": null,
              "takesValue": true,
              "valueName": "N"
            },
            {
              "global": false,
              "help": "Note stored with the phase",
              "hidden": false,
              "long": "note",
              "possibleValues": [],
              "required": false,
              "short": null,
              "takesValue": true,
              "valueName": "TEXT"
            }
          ],
          "hidden": false,
          "longAbout": null,
          "name": "report",
          "owner": "epic-orchestrator",
          "path": [
            "epic",
            "report"
          ],
          "placeholder": false
        },
        {
          "about": "Run a command under the worktree's resource lease",
          "aliases": [],
          "args": [
            {
              "help": "The command and its arguments",
              "multiple": true,
              "name": "ARGV",
              "required": true
            }
          ],
          "commands": [],
          "flags": [],
          "hidden": false,
          "longAbout": null,
          "name": "job",
          "owner": "epic-orchestrator",
          "path": [
            "epic",
            "job"
          ],
          "placeholder": false
        },
        {
          "about": "Install the user service unit",
          "aliases": [],
          "args": [],
          "commands": [
            {
              "about": "Write the systemd user unit without starting it",
              "aliases": [],
              "args": [],
              "commands": [],
              "flags": [],
              "hidden": false,
              "longAbout": null,
              "name": "install",
              "owner": "epic-orchestrator",
              "path": [
                "epic",
                "service",
                "install"
              ],
              "placeholder": false
            }
          ],
          "flags": [],
          "hidden": false,
          "longAbout": null,
          "name": "service",
          "owner": "epic-orchestrator",
          "path": [
            "epic",
            "service"
          ],
          "placeholder": false
        },
        {
          "about": "Not ported yet (#435, #448): show the planned verbs",
          "aliases": [],
          "args": [],
          "commands": [],
          "flags": [],
          "hidden": false,
          "longAbout": null,
          "name": "planned",
          "owner": "epic-orchestrator",
          "path": [
            "epic",
            "planned"
          ],
          "placeholder": true
        },
        {
          "about": "Manage the status bearer token",
          "aliases": [],
          "args": [],
          "commands": [
            {
              "about": "Rotate the status bearer token in secrets.json",
              "aliases": [],
              "args": [],
              "commands": [],
              "flags": [],
              "hidden": false,
              "longAbout": null,
              "name": "new",
              "owner": "epic-orchestrator",
              "path": [
                "epic",
                "token",
                "new"
              ],
              "placeholder": false
            }
          ],
          "flags": [],
          "hidden": false,
          "longAbout": null,
          "name": "token",
          "owner": "epic-orchestrator",
          "path": [
            "epic",
            "token"
          ],
          "placeholder": false
        },
        {
          "about": "Run a hook entry; hooks.json calls it (internal)",
          "aliases": [],
          "args": [
            {
              "help": "The hook entry, as in the plugin's hooks/dist/<NAME>.js",
              "multiple": false,
              "name": "NAME",
              "required": true
            }
          ],
          "commands": [],
          "flags": [
            {
              "global": false,
              "help": "The host event it is registered under; absent counts as enforcing",
              "hidden": false,
              "long": "event",
              "possibleValues": [],
              "required": false,
              "short": null,
              "takesValue": true,
              "valueName": "EVENT"
            },
            {
              "global": false,
              "help": "The calling plugin's root, for the version-skew check",
              "hidden": false,
              "long": "plugin-root",
              "possibleValues": [],
              "required": false,
              "short": null,
              "takesValue": true,
              "valueName": "DIR"
            }
          ],
          "hidden": true,
          "longAbout": null,
          "name": "hook",
          "owner": "epic-orchestrator",
          "path": [
            "epic",
            "hook"
          ],
          "placeholder": false
        }
      ],
      "flags": [],
      "hidden": false,
      "longAbout": null,
      "name": "epic",
      "owner": "epic-orchestrator",
      "path": [
        "epic"
      ],
      "placeholder": false
    },
    {
      "about": "List every toolu command; --json exports the tree for tools and docs",
      "aliases": [],
      "args": [],
      "commands": [],
      "flags": [
        {
          "global": false,
          "help": "Print the JSON Schema of every --json document instead",
          "hidden": false,
          "long": "schema",
          "possibleValues": [],
          "required": false,
          "short": null,
          "takesValue": false,
          "valueName": null
        }
      ],
      "hidden": false,
      "longAbout": null,
      "name": "commands",
      "owner": "toolu-cli",
      "path": [
        "commands"
      ],
      "placeholder": false
    },
    {
      "about": "Install, list, remove and update toolu plugins on every host",
      "aliases": [],
      "args": [],
      "commands": [
        {
          "about": "Not ported yet (#438): show the planned verbs",
          "aliases": [],
          "args": [],
          "commands": [],
          "flags": [],
          "hidden": false,
          "longAbout": null,
          "name": "planned",
          "owner": "toolu-cli",
          "path": [
            "plugins",
            "planned"
          ],
          "placeholder": true
        }
      ],
      "flags": [],
      "hidden": false,
      "longAbout": null,
      "name": "plugins",
      "owner": "toolu-cli",
      "path": [
        "plugins"
      ],
      "placeholder": false
    }
  ],
  "exitCodes": [
    {
      "code": 0,
      "meaning": "the command did what was asked",
      "name": "success"
    },
    {
      "code": 1,
      "meaning": "the command ran and failed",
      "name": "failure"
    },
    {
      "code": 2,
      "meaning": "a hook or gate blocked or denied the action",
      "name": "blocked"
    },
    {
      "code": 64,
      "meaning": "the command line is wrong",
      "name": "usage"
    },
    {
      "code": 69,
      "meaning": "a dependency (for example `gh`) is missing or unreachable",
      "name": "unavailable"
    },
    {
      "code": 75,
      "meaning": "a temporary failure; the caller may retry",
      "name": "tempfail"
    }
  ],
  "flags": [
    {
      "global": true,
      "help": "Print exactly one JSON document on stdout",
      "hidden": false,
      "long": "json",
      "possibleValues": [],
      "required": false,
      "short": null,
      "takesValue": false,
      "valueName": null
    },
    {
      "global": true,
      "help": "Drop the diagnostics of a successful run",
      "hidden": false,
      "long": "quiet",
      "possibleValues": [],
      "required": false,
      "short": "q",
      "takesValue": false,
      "valueName": null
    },
    {
      "global": true,
      "help": "The host to act for, instead of the detected one",
      "hidden": false,
      "long": "host",
      "possibleValues": [
        "claude",
        "codex",
        "opencode",
        "cursor",
        "hermes"
      ],
      "required": false,
      "short": null,
      "takesValue": true,
      "valueName": "HOST"
    },
    {
      "global": true,
      "help": "Read the toolu config from DIR instead of the host's default",
      "hidden": false,
      "long": "config-dir",
      "possibleValues": [],
      "required": false,
      "short": null,
      "takesValue": true,
      "valueName": "DIR"
    },
    {
      "global": false,
      "help": "Print the hook-interface version the launcher checks",
      "hidden": true,
      "long": "hook-protocol",
      "possibleValues": [],
      "required": false,
      "short": null,
      "takesValue": false,
      "valueName": null
    },
    {
      "global": false,
      "help": "Print version",
      "hidden": false,
      "long": "version",
      "possibleValues": [],
      "required": false,
      "short": "V",
      "takesValue": false,
      "valueName": null
    }
  ],
  "hookProtocol": 1,
  "name": "toolu",
  "schema": "toolu.commands/v1"
}
